[debug] > Exec(early(addDefaultCommands), None, None)
[debug] > Exec(addDefaultCommands, None, None)
[debug] > Exec(early(initialize), None, None)
[debug] > Exec(initialize, None, None)
[debug] > Exec(boot, None, None)
[debug] > Exec(writeSbtVersion, None, None)
[debug] > Exec(reload, None, None)
[debug] > Exec(sbtStashOnFailure, None, None)
[debug] > Exec(onFailure loadFailed, None, None)
[debug] > Exec(loadp, None, None)
[info] welcome to sbt 1.5.5 (Oracle Corporation Java 17.0.6)
[debug] Load.defaultLoad until apply took 512.5374ms
[debug]           Load.loadUnit: plugins took 118.0928ms
[debug]           Load.loadUnit: defsScala took 0.3177ms
[debug] [Loading] Scanning directory C:\Users\xxfar\Downloads\RTP_Project\MovieDataProcessor\project
[debug]             Load.loadUnit: mkEval took 18.9297ms
[debug] [Loading] Found non-root projects 
[debug] [Loading] Done in C:\Users\xxfar\Downloads\RTP_Project\MovieDataProcessor\project, returning: ()
[debug] deducing auto plugins based on known facts Set(Atom(sbt.plugins.CorePlugin)) and clauses Clauses(Clause(Atom(sbt.plugins.JvmPlugin),Set(Atom(sbt.plugins.IvyPlugin)))
[debug] Clause(Atom(sbt.ScriptedPlugin),Set(Atom(sbt.plugins.JvmPlugin)))
[debug] Clause(Atom(sbt.plugins.SbtPlugin),Set(Atom(sbt.ScriptedPlugin)))
[debug] Clause(Atom(sbt.plugins.SemanticdbPlugin),Set(Atom(sbt.plugins.JvmPlugin)))
[debug] Clause(Atom(sbt.plugins.JUnitXmlReportPlugin),Set(Atom(sbt.plugins.JvmPlugin)))
[debug] Clause(Atom(sbt.plugins.MiniDependencyTreePlugin),Set(Atom(sbt.plugins.JvmPlugin)))
[debug] Clause(Atom(sbt.plugins.CorePlugin),Set(Atom(sbt.plugins.IvyPlugin)))
[debug] Clause(Atom(sbt.plugins.IvyPlugin),Set(Atom(sbt.plugins.JvmPlugin)))
[debug] Clause(Atom(sbt.plugins.JvmPlugin),Set(Atom(sbt.plugins.SemanticdbPlugin)))
[debug] Clause(Atom(sbt.plugins.JvmPlugin),Set(Atom(sbt.plugins.JUnitXmlReportPlugin)))
[debug] Clause(Atom(sbt.plugins.CorePlugin),Set(Atom(sbt.plugins.Giter8TemplatePlugin)))
[debug] Clause(Atom(sbt.plugins.JvmPlugin),Set(Atom(sbt.plugins.MiniDependencyTreePlugin))))
[debug]   :: deduced result: Matched(sbt.plugins.CorePlugin,sbt.plugins.Giter8TemplatePlugin,sbt.plugins.IvyPlugin,sbt.plugins.JvmPlugin,sbt.plugins.MiniDependencyTreePlugin,sbt.plugins.JUnitXmlReportPlugin,sbt.plugins.SemanticdbPlugin)
[debug] Plugins.deducer#function took 8.9132 ms
[info] loading settings for project moviedataprocessor-build from plugins.sbt ...
[debug]               Load.resolveProject(moviedataprocessor-build) took 27.0442ms
[debug]             Load.loadTransitive: finalizeProject(Project(id moviedataprocessor-build, base: C:\Users\xxfar\Downloads\RTP_Project\MovieDataProcessor\project, plugins: List(<none>))) took 40.6314ms
[debug] [Loading] Done in C:\Users\xxfar\Downloads\RTP_Project\MovieDataProcessor\project, returning: (moviedataprocessor-build)
[debug]           Load.loadUnit: loadedProjectsRaw took 4337.1357ms
[debug]           Load.loadUnit: cleanEvalClasses took 32.0902ms
[debug]         Load.loadUnit(file:/C:/Users/xxfar/Downloads/RTP_Project/MovieDataProcessor/project/, ...) took 4495.3991ms
[debug]       Load.apply: load took 4548.9237ms
[debug]       Load.apply: resolveProjects took 2.3748ms
[debug]       Load.apply: finalTransforms took 41.7796ms
[debug]       Load.apply: config.delegates took 4.8614ms
[debug]       Load.apply: Def.make(settings)... took 367.2561ms
[debug]       Load.apply: structureIndex took 100.4729ms
[debug]       Load.apply: mkStreams took 1.7666ms
[info] loading project definition from C:\Users\xxfar\Downloads\RTP_Project\MovieDataProcessor\project
[debug] Running task... Cancel: Signal, check cycles: false, forcegc: true
