[debug] > Exec(;project ; reload, None, None)
[debug] > Exec(project, None, None)
[info] root (in build file:/C:/Users/xxfar/Downloads/RTP%20Project/MovieDataProcessor/)
[debug] > Exec(reload, None, None)
[debug] > Exec(sbtStashOnFailure, None, None)
[debug] > Exec(onFailure loadFailed, None, None)
[debug] > Exec(loadp, None, None)
[info] welcome to sbt 1.6.2 (Oracle Corporation Java 17.0.6)
[debug] Load.defaultLoad until apply took 1.649399ms
[debug]           Load.loadUnit: plugins took 12.0613ms
[debug]           Load.loadUnit: defsScala took 0.002499ms
[debug] [Loading] Scanning directory C:\Users\xxfar\Downloads\RTP Project\MovieDataProcessor\project
[debug]             Load.loadUnit: mkEval took 0.1782ms
[debug] [Loading] Found non-root projects 
[debug] [Loading] Done in C:\Users\xxfar\Downloads\RTP Project\MovieDataProcessor\project, returning: ()
[debug] deducing auto plugins based on known facts Set(Atom(sbt.plugins.CorePlugin)) and clauses Clauses(Clause(Atom(sbt.plugins.JvmPlugin),Set(Atom(sbt.plugins.IvyPlugin)))
[debug] Clause(Atom(sbt.ScriptedPlugin),Set(Atom(sbt.plugins.JvmPlugin)))
[debug] Clause(Atom(sbt.plugins.SbtPlugin),Set(Atom(sbt.ScriptedPlugin)))
[debug] Clause(Atom(sbt.plugins.SemanticdbPlugin),Set(Atom(sbt.plugins.JvmPlugin)))
[debug] Clause(Atom(sbt.plugins.JUnitXmlReportPlugin),Set(Atom(sbt.plugins.JvmPlugin)))
[debug] Clause(Atom(sbt.plugins.MiniDependencyTreePlugin),Set(Atom(sbt.plugins.JvmPlugin)))
[debug] Clause(Atom(sbt.plugins.CorePlugin),Set(Atom(sbt.plugins.IvyPlugin)))
[debug] Clause(Atom(sbt.plugins.IvyPlugin),Set(Atom(sbt.plugins.JvmPlugin)))
[debug] Clause(Atom(sbt.plugins.JvmPlugin),Set(Atom(sbt.plugins.SemanticdbPlugin)))
[debug] Clause(Atom(sbt.plugins.JvmPlugin),Set(Atom(sbt.plugins.JUnitXmlReportPlugin)))
[debug] Clause(Atom(sbt.plugins.CorePlugin),Set(Atom(sbt.plugins.Giter8TemplatePlugin)))
[debug] Clause(Atom(sbt.plugins.JvmPlugin),Set(Atom(sbt.plugins.MiniDependencyTreePlugin))))
[debug]   :: deduced result: Matched(sbt.plugins.CorePlugin,sbt.plugins.Giter8TemplatePlugin,sbt.plugins.IvyPlugin,sbt.plugins.JvmPlugin,sbt.plugins.MiniDependencyTreePlugin,sbt.plugins.JUnitXmlReportPlugin,sbt.plugins.SemanticdbPlugin)
[debug] Plugins.deducer#function took 0.9557 ms
[info] loading settings for project moviedataprocessor-build from idea.sbt ...
[debug]               Load.resolveProject(moviedataprocessor-build) took 1.7567ms
[debug]             Load.loadTransitive: finalizeProject(Project(id moviedataprocessor-build, base: C:\Users\xxfar\Downloads\RTP Project\MovieDataProcessor\project, plugins: List(<none>))) took 3.0162ms
[debug] [Loading] Done in C:\Users\xxfar\Downloads\RTP Project\MovieDataProcessor\project, returning: (moviedataprocessor-build)
[debug]           Load.loadUnit: loadedProjectsRaw took 16.649ms
[debug]           Load.loadUnit: cleanEvalClasses took 1.9497ms
[debug]         Load.loadUnit(file:/C:/Users/xxfar/Downloads/RTP%20Project/MovieDataProcessor/project/, ...) took 41.8555ms
[debug]       Load.apply: load took 42.9109ms
[debug]       Load.apply: resolveProjects took 0.094901ms
[debug]       Load.apply: finalTransforms took 7.0238ms
[debug]       Load.apply: config.delegates took 0.3058ms
[debug]       Load.apply: Def.make(settings)... took 81.679701ms
[debug]       Load.apply: structureIndex took 16.6859ms
[debug]       Load.apply: mkStreams took 0.003ms
[info] loading project definition from C:\Users\xxfar\Downloads\RTP Project\MovieDataProcessor\project
[debug] Running task... Cancel: Signal, check cycles: false, forcegc: true
[debug]     Load.loadUnit: plugins took 323.7436ms
[debug]     Load.loadUnit: defsScala took 0.001701ms
[debug] [Loading] Scanning directory C:\Users\xxfar\Downloads\RTP Project\MovieDataProcessor
[debug]       Load.loadUnit: mkEval took 0.1663ms
[debug] [Loading] Found root project root w/ remaining 
[debug] deducing auto plugins based on known facts Set(Atom(sbt.plugins.CorePlugin)) and clauses Clauses(Clause(Atom(sbt.plugins.JvmPlugin),Set(Atom(sbt.plugins.IvyPlugin)))
[debug] Clause(Atom(sbt.ScriptedPlugin),Set(Atom(sbt.plugins.JvmPlugin)))
[debug] Clause(Atom(sbt.plugins.SbtPlugin),Set(Atom(sbt.ScriptedPlugin)))
[debug] Clause(Atom(sbt.plugins.SemanticdbPlugin),Set(Atom(sbt.plugins.JvmPlugin)))
[debug] Clause(Atom(sbt.plugins.JUnitXmlReportPlugin),Set(Atom(sbt.plugins.JvmPlugin)))
[debug] Clause(Atom(sbt.plugins.MiniDependencyTreePlugin),Set(Atom(sbt.plugins.JvmPlugin)))
[debug] Clause(Atom(org.jetbrains.sbt.StructurePlugin),Set(Atom(sbt.plugins.JvmPlugin)))
[debug] Clause(Atom(org.jetbrains.sbt.IdeaShellPlugin),Set(Atom(sbt.plugins.JvmPlugin)))
[debug] Clause(Atom(org.jetbrains.sbt.indices.SbtIntellijIndicesPlugin),Set(Atom(sbt.plugins.JvmPlugin)))
[debug] Clause(Atom(sbt.plugins.CorePlugin),Set(Atom(sbt.plugins.IvyPlugin)))
[debug] Clause(Atom(sbt.plugins.IvyPlugin),Set(Atom(sbt.plugins.JvmPlugin)))
[debug] Clause(Atom(sbt.plugins.JvmPlugin),Set(Atom(sbt.plugins.SemanticdbPlugin)))
[debug] Clause(Atom(sbt.plugins.JvmPlugin),Set(Atom(sbt.plugins.JUnitXmlReportPlugin)))
[debug] Clause(Atom(sbt.plugins.CorePlugin),Set(Atom(sbt.plugins.Giter8TemplatePlugin)))
[debug] Clause(Atom(sbt.plugins.JvmPlugin),Set(Atom(sbt.plugins.MiniDependencyTreePlugin)))
[debug] Clause(Atom(sbt.plugins.JvmPlugin),Set(Atom(org.jetbrains.sbt.StructurePlugin)))
[debug] Clause(Atom(sbt.plugins.JvmPlugin),Set(Atom(org.jetbrains.sbt.IdeaShellPlugin)))
[debug] Clause(And(Set(Atom(sbt.plugins.CorePlugin), Atom(sbt.plugins.JvmPlugin))),Set(Atom(org.jetbrains.sbt.indices.SbtIntellijIndicesPlugin))))
[debug]   :: deduced result: Matched(sbt.plugins.CorePlugin,sbt.plugins.Giter8TemplatePlugin,sbt.plugins.IvyPlugin,sbt.plugins.JvmPlugin,sbt.plugins.SemanticdbPlugin,org.jetbrains.sbt.indices.SbtIntellijIndicesPlugin,sbt.plugins.JUnitXmlReportPlugin,org.jetbrains.sbt.IdeaShellPlugin,org.jetbrains.sbt.StructurePlugin,sbt.plugins.MiniDependencyTreePlugin)
[debug] Plugins.deducer#function took 1.142399 ms
[info] loading settings for project root from build.sbt ...
[debug]         Load.resolveProject(root) took 21.5018ms
[debug]       Load.loadTransitive: finalizeProject(Project(id root, base: C:\Users\xxfar\Downloads\RTP Project\MovieDataProcessor, plugins: List(<none>))) took 23.0001ms
[debug] [Loading] Done in C:\Users\xxfar\Downloads\RTP Project\MovieDataProcessor, returning: (root)
[debug]     Load.loadUnit: loadedProjectsRaw took 50.8275ms
[debug]     Load.loadUnit: cleanEvalClasses took 6.1806ms
[debug]   Load.loadUnit(file:/C:/Users/xxfar/Downloads/RTP%20Project/MovieDataProcessor/, ...) took 381.5095ms
[debug] Load.apply: load took 382.6964ms
[debug] Load.apply: resolveProjects took 0.1255ms
[debug] Load.apply: finalTransforms took 12.8978ms
[debug] Load.apply: config.delegates took 0.221401ms
[debug] Load.apply: Def.make(settings)... took 52.095ms
[debug] Load.apply: structureIndex took 17.0594ms
[debug] Load.apply: mkStreams took 0.0028ms
[warn] Discarding 1 session setting.  Use 'session save' to persist session settings.
[info] set current project to MovieDataProcessor (in build file:/C:/Users/xxfar/Downloads/RTP%20Project/MovieDataProcessor/)
[debug] > Exec(sbtPopOnFailure, None, None)
[debug] > Exec(resumeFromFailure, None, None)
[debug] > Exec(idea-shell, None, None)
