[debug] > Exec(early(addDefaultCommands), None, None)
[debug] > Exec(addDefaultCommands, None, None)
[debug] > Exec(early(initialize), None, None)
[debug] > Exec(initialize, None, None)
[debug] > Exec(boot, None, None)
[debug] > Exec(writeSbtVersion, None, None)
[debug] > Exec(reload, None, None)
[debug] > Exec(sbtStashOnFailure, None, None)
[debug] > Exec(onFailure loadFailed, None, None)
[debug] > Exec(loadp, None, None)
[info] welcome to sbt 1.5.5 (Oracle Corporation Java 17.0.6)
[debug] Load.defaultLoad until apply took 413.1887ms
[debug]           Load.loadUnit: plugins took 56.0164ms
[debug]           Load.loadUnit: defsScala took 0.1885ms
[debug] [Loading] Scanning directory C:\Users\xxfar\Downloads\RTP_Project\MovieDataProcessor\project
[debug]             Load.loadUnit: mkEval took 3.2143ms
[debug] [Loading] Found non-root projects 
[debug] [Loading] Done in C:\Users\xxfar\Downloads\RTP_Project\MovieDataProcessor\project, returning: ()
[debug] deducing auto plugins based on known facts Set(Atom(sbt.plugins.CorePlugin)) and clauses Clauses(Clause(Atom(sbt.plugins.JvmPlugin),Set(Atom(sbt.plugins.IvyPlugin)))
[debug] Clause(Atom(sbt.ScriptedPlugin),Set(Atom(sbt.plugins.JvmPlugin)))
[debug] Clause(Atom(sbt.plugins.SbtPlugin),Set(Atom(sbt.ScriptedPlugin)))
[debug] Clause(Atom(sbt.plugins.SemanticdbPlugin),Set(Atom(sbt.plugins.JvmPlugin)))
[debug] Clause(Atom(sbt.plugins.JUnitXmlReportPlugin),Set(Atom(sbt.plugins.JvmPlugin)))
[debug] Clause(Atom(sbt.plugins.MiniDependencyTreePlugin),Set(Atom(sbt.plugins.JvmPlugin)))
[debug] Clause(Atom(sbt.plugins.CorePlugin),Set(Atom(sbt.plugins.IvyPlugin)))
[debug] Clause(Atom(sbt.plugins.IvyPlugin),Set(Atom(sbt.plugins.JvmPlugin)))
[debug] Clause(Atom(sbt.plugins.JvmPlugin),Set(Atom(sbt.plugins.SemanticdbPlugin)))
[debug] Clause(Atom(sbt.plugins.JvmPlugin),Set(Atom(sbt.plugins.JUnitXmlReportPlugin)))
[debug] Clause(Atom(sbt.plugins.CorePlugin),Set(Atom(sbt.plugins.Giter8TemplatePlugin)))
[debug] Clause(Atom(sbt.plugins.JvmPlugin),Set(Atom(sbt.plugins.MiniDependencyTreePlugin))))
[debug]   :: deduced result: Matched(sbt.plugins.CorePlugin,sbt.plugins.Giter8TemplatePlugin,sbt.plugins.IvyPlugin,sbt.plugins.JvmPlugin,sbt.plugins.MiniDependencyTreePlugin,sbt.plugins.JUnitXmlReportPlugin,sbt.plugins.SemanticdbPlugin)
[debug] Plugins.deducer#function took 9.7368 ms
[info] loading settings for project moviedataprocessor-build from plugins.sbt ...
[debug]               Load.resolveProject(moviedataprocessor-build) took 32.494ms
[debug]             Load.loadTransitive: finalizeProject(Project(id moviedataprocessor-build, base: C:\Users\xxfar\Downloads\RTP_Project\MovieDataProcessor\project, plugins: List(<none>))) took 47.1484ms
[debug] [Loading] Done in C:\Users\xxfar\Downloads\RTP_Project\MovieDataProcessor\project, returning: (moviedataprocessor-build)
[debug]           Load.loadUnit: loadedProjectsRaw took 2129.3987ms
[debug]           Load.loadUnit: cleanEvalClasses took 51.6917ms
[debug]         Load.loadUnit(file:/C:/Users/xxfar/Downloads/RTP_Project/MovieDataProcessor/project/, ...) took 2242.4757ms
[debug]       Load.apply: load took 2309.833ms
[debug]       Load.apply: resolveProjects took 3.0315ms
[debug]       Load.apply: finalTransforms took 51.2989ms
[debug]       Load.apply: config.delegates took 7.5606ms
[debug]       Load.apply: Def.make(settings)... took 372.1256ms
[debug]       Load.apply: structureIndex took 78.9115ms
[debug]       Load.apply: mkStreams took 1.7613ms
[info] loading project definition from C:\Users\xxfar\Downloads\RTP_Project\MovieDataProcessor\project
[debug] Running task... Cancel: Signal, check cycles: false, forcegc: true
