[2024-07-10 01:01:36,736] INFO [Broker id=1] Transitioning 101 partition(s) to local leaders. (state.change.logger)
[2024-07-10 01:01:36,742] INFO [Broker id=1] Creating new partition __transaction_state-42 with topic id NjKn4Re8TgW3dKrVfXAjUQ. (state.change.logger)
[2024-07-10 01:01:36,767] INFO [Broker id=1] Leader __transaction_state-42 with topic id Some(NjKn4Re8TgW3dKrVfXAjUQ) starts at leader epoch 10 from offset 4 with partition epoch 10, high watermark 4, ISR [1], adding replicas [] and removing replicas [] . Previous leader None and previous leader epoch was -1. (state.change.logger)
[2024-07-10 01:01:36,781] INFO [Broker id=1] Creating new partition __consumer_offsets-13 with topic id J4kQ0lo8Q72VayKSWp6DCQ. (state.change.logger)
[2024-07-10 01:01:36,781] INFO [Broker id=1] Leader __consumer_offsets-13 with topic id Some(J4kQ0lo8Q72VayKSWp6DCQ) starts at leader epoch 10 from offset 0 with partition epoch 10, high watermark 0, ISR [1], adding replicas [] and removing replicas [] . Previous leader None and previous leader epoch was -1. (state.change.logger)
[2024-07-10 01:01:36,783] INFO [Broker id=1] Creating new partition __consumer_offsets-46 with topic id J4kQ0lo8Q72VayKSWp6DCQ. (state.change.logger)
[2024-07-10 01:01:36,784] INFO [Broker id=1] Leader __consumer_offsets-46 with topic id Some(J4kQ0lo8Q72VayKSWp6DCQ) starts at leader epoch 10 from offset 0 with partition epoch 10, high watermark 0, ISR [1], adding replicas [] and removing replicas [] . Previous leader None and previous leader epoch was -1. (state.change.logger)
[2024-07-10 01:01:36,786] INFO [Broker id=1] Creating new partition __transaction_state-17 with topic id NjKn4Re8TgW3dKrVfXAjUQ. (state.change.logger)
[2024-07-10 01:01:36,787] INFO [Broker id=1] Leader __transaction_state-17 with topic id Some(NjKn4Re8TgW3dKrVfXAjUQ) starts at leader epoch 10 from offset 0 with partition epoch 10, high watermark 0, ISR [1], adding replicas [] and removing replicas [] . Previous leader None and previous leader epoch was -1. (state.change.logger)
[2024-07-10 01:01:36,788] INFO [Broker id=1] Creating new partition __transaction_state-34 with topic id NjKn4Re8TgW3dKrVfXAjUQ. (state.change.logger)
[2024-07-10 01:01:36,789] INFO [Broker id=1] Leader __transaction_state-34 with topic id Some(NjKn4Re8TgW3dKrVfXAjUQ) starts at leader epoch 10 from offset 0 with partition epoch 10, high watermark 0, ISR [1], adding replicas [] and removing replicas [] . Previous leader None and previous leader epoch was -1. (state.change.logger)
[2024-07-10 01:01:36,791] INFO [Broker id=1] Creating new partition __consumer_offsets-21 with topic id J4kQ0lo8Q72VayKSWp6DCQ. (state.change.logger)
[2024-07-10 01:01:36,791] INFO [Broker id=1] Leader __consumer_offsets-21 with topic id Some(J4kQ0lo8Q72VayKSWp6DCQ) starts at leader epoch 10 from offset 0 with partition epoch 10, high watermark 0, ISR [1], adding replicas [] and removing replicas [] . Previous leader None and previous leader epoch was -1. (state.change.logger)
[2024-07-10 01:01:36,793] INFO [Broker id=1] Creating new partition __transaction_state-9 with topic id NjKn4Re8TgW3dKrVfXAjUQ. (state.change.logger)
[2024-07-10 01:01:36,793] INFO [Broker id=1] Leader __transaction_state-9 with topic id Some(NjKn4Re8TgW3dKrVfXAjUQ) starts at leader epoch 10 from offset 0 with partition epoch 10, high watermark 0, ISR [1], adding replicas [] and removing replicas [] . Previous leader None and previous leader epoch was -1. (state.change.logger)
[2024-07-10 01:01:36,795] INFO [Broker id=1] Creating new partition __transaction_state-26 with topic id NjKn4Re8TgW3dKrVfXAjUQ. (state.change.logger)
[2024-07-10 01:01:36,795] INFO [Broker id=1] Leader __transaction_state-26 with topic id Some(NjKn4Re8TgW3dKrVfXAjUQ) starts at leader epoch 10 from offset 0 with partition epoch 10, high watermark 0, ISR [1], adding replicas [] and removing replicas [] . Previous leader None and previous leader epoch was -1. (state.change.logger)
[2024-07-10 01:01:36,797] INFO [Broker id=1] Creating new partition __consumer_offsets-30 with topic id J4kQ0lo8Q72VayKSWp6DCQ. (state.change.logger)
[2024-07-10 01:01:36,798] INFO [Broker id=1] Leader __consumer_offsets-30 with topic id Some(J4kQ0lo8Q72VayKSWp6DCQ) starts at leader epoch 10 from offset 0 with partition epoch 10, high watermark 0, ISR [1], adding replicas [] and removing replicas [] . Previous leader None and previous leader epoch was -1. (state.change.logger)
[2024-07-10 01:01:36,799] INFO [Broker id=1] Creating new partition __transaction_state-1 with topic id NjKn4Re8TgW3dKrVfXAjUQ. (state.change.logger)
[2024-07-10 01:01:36,800] INFO [Broker id=1] Leader __transaction_state-1 with topic id Some(NjKn4Re8TgW3dKrVfXAjUQ) starts at leader epoch 10 from offset 0 with partition epoch 10, high watermark 0, ISR [1], adding replicas [] and removing replicas [] . Previous leader None and previous leader epoch was -1. (state.change.logger)
[2024-07-10 01:01:36,802] INFO [Broker id=1] Creating new partition __transaction_state-18 with topic id NjKn4Re8TgW3dKrVfXAjUQ. (state.change.logger)
[2024-07-10 01:01:36,802] INFO [Broker id=1] Leader __transaction_state-18 with topic id Some(NjKn4Re8TgW3dKrVfXAjUQ) starts at leader epoch 10 from offset 0 with partition epoch 10, high watermark 0, ISR [1], adding replicas [] and removing replicas [] . Previous leader None and previous leader epoch was -1. (state.change.logger)
[2024-07-10 01:01:36,804] INFO [Broker id=1] Creating new partition __consumer_offsets-5 with topic id J4kQ0lo8Q72VayKSWp6DCQ. (state.change.logger)
[2024-07-10 01:01:36,805] INFO [Broker id=1] Leader __consumer_offsets-5 with topic id Some(J4kQ0lo8Q72VayKSWp6DCQ) starts at leader epoch 10 from offset 0 with partition epoch 10, high watermark 0, ISR [1], adding replicas [] and removing replicas [] . Previous leader None and previous leader epoch was -1. (state.change.logger)
[2024-07-10 01:01:36,807] INFO [Broker id=1] Creating new partition __consumer_offsets-38 with topic id J4kQ0lo8Q72VayKSWp6DCQ. (state.change.logger)
[2024-07-10 01:01:36,808] INFO [Broker id=1] Leader __consumer_offsets-38 with topic id Some(J4kQ0lo8Q72VayKSWp6DCQ) starts at leader epoch 10 from offset 0 with partition epoch 10, high watermark 0, ISR [1], adding replicas [] and removing replicas [] . Previous leader None and previous leader epoch was -1. (state.change.logger)
[2024-07-10 01:01:36,809] INFO [Broker id=1] Creating new partition __consumer_offsets-45 with topic id J4kQ0lo8Q72VayKSWp6DCQ. (state.change.logger)
[2024-07-10 01:01:36,810] INFO [Broker id=1] Leader __consumer_offsets-45 with topic id Some(J4kQ0lo8Q72VayKSWp6DCQ) starts at leader epoch 10 from offset 0 with partition epoch 10, high watermark 0, ISR [1], adding replicas [] and removing replicas [] . Previous leader None and previous leader epoch was -1. (state.change.logger)
[2024-07-10 01:01:36,812] INFO [Broker id=1] Creating new partition __consumer_offsets-12 with topic id J4kQ0lo8Q72VayKSWp6DCQ. (state.change.logger)
[2024-07-10 01:01:36,812] INFO [Broker id=1] Leader __consumer_offsets-12 with topic id Some(J4kQ0lo8Q72VayKSWp6DCQ) starts at leader epoch 10 from offset 3 with partition epoch 10, high watermark 3, ISR [1], adding replicas [] and removing replicas [] . Previous leader None and previous leader epoch was -1. (state.change.logger)
[2024-07-10 01:01:36,813] INFO [Broker id=1] Creating new partition __transaction_state-16 with topic id NjKn4Re8TgW3dKrVfXAjUQ. (state.change.logger)
[2024-07-10 01:01:36,814] INFO [Broker id=1] Leader __transaction_state-16 with topic id Some(NjKn4Re8TgW3dKrVfXAjUQ) starts at leader epoch 10 from offset 0 with partition epoch 10, high watermark 0, ISR [1], adding replicas [] and removing replicas [] . Previous leader None and previous leader epoch was -1. (state.change.logger)
[2024-07-10 01:01:36,815] INFO [Broker id=1] Creating new partition __transaction_state-49 with topic id NjKn4Re8TgW3dKrVfXAjUQ. (state.change.logger)
[2024-07-10 01:01:36,816] INFO [Broker id=1] Leader __transaction_state-49 with topic id Some(NjKn4Re8TgW3dKrVfXAjUQ) starts at leader epoch 10 from offset 0 with partition epoch 10, high watermark 0, ISR [1], adding replicas [] and removing replicas [] . Previous leader None and previous leader epoch was -1. (state.change.logger)
[2024-07-10 01:01:36,818] INFO [Broker id=1] Creating new partition __consumer_offsets-20 with topic id J4kQ0lo8Q72VayKSWp6DCQ. (state.change.logger)
[2024-07-10 01:01:36,819] INFO [Broker id=1] Leader __consumer_offsets-20 with topic id Some(J4kQ0lo8Q72VayKSWp6DCQ) starts at leader epoch 10 from offset 0 with partition epoch 10, high watermark 0, ISR [1], adding replicas [] and removing replicas [] . Previous leader None and previous leader epoch was -1. (state.change.logger)
[2024-07-10 01:01:36,821] INFO [Broker id=1] Creating new partition __transaction_state-8 with topic id NjKn4Re8TgW3dKrVfXAjUQ. (state.change.logger)
[2024-07-10 01:01:36,821] INFO [Broker id=1] Leader __transaction_state-8 with topic id Some(NjKn4Re8TgW3dKrVfXAjUQ) starts at leader epoch 10 from offset 0 with partition epoch 10, high watermark 0, ISR [1], adding replicas [] and removing replicas [] . Previous leader None and previous leader epoch was -1. (state.change.logger)
[2024-07-10 01:01:36,823] INFO [Broker id=1] Creating new partition __transaction_state-41 with topic id NjKn4Re8TgW3dKrVfXAjUQ. (state.change.logger)
[2024-07-10 01:01:36,824] INFO [Broker id=1] Leader __transaction_state-41 with topic id Some(NjKn4Re8TgW3dKrVfXAjUQ) starts at leader epoch 10 from offset 0 with partition epoch 10, high watermark 0, ISR [1], adding replicas [] and removing replicas [] . Previous leader None and previous leader epoch was -1. (state.change.logger)
[2024-07-10 01:01:36,825] INFO [Broker id=1] Creating new partition __consumer_offsets-29 with topic id J4kQ0lo8Q72VayKSWp6DCQ. (state.change.logger)
[2024-07-10 01:01:36,826] INFO [Broker id=1] Leader __consumer_offsets-29 with topic id Some(J4kQ0lo8Q72VayKSWp6DCQ) starts at leader epoch 10 from offset 1 with partition epoch 10, high watermark 1, ISR [1], adding replicas [] and removing replicas [] . Previous leader None and previous leader epoch was -1. (state.change.logger)
[2024-07-10 01:01:36,827] INFO [Broker id=1] Creating new partition __transaction_state-0 with topic id NjKn4Re8TgW3dKrVfXAjUQ. (state.change.logger)
[2024-07-10 01:01:36,828] INFO [Broker id=1] Leader __transaction_state-0 with topic id Some(NjKn4Re8TgW3dKrVfXAjUQ) starts at leader epoch 10 from offset 0 with partition epoch 10, high watermark 0, ISR [1], adding replicas [] and removing replicas [] . Previous leader None and previous leader epoch was -1. (state.change.logger)
[2024-07-10 01:01:36,830] INFO [Broker id=1] Creating new partition __transaction_state-33 with topic id NjKn4Re8TgW3dKrVfXAjUQ. (state.change.logger)
[2024-07-10 01:01:36,830] INFO [Broker id=1] Leader __transaction_state-33 with topic id Some(NjKn4Re8TgW3dKrVfXAjUQ) starts at leader epoch 10 from offset 0 with partition epoch 10, high watermark 0, ISR [1], adding replicas [] and removing replicas [] . Previous leader None and previous leader epoch was -1. (state.change.logger)
[2024-07-10 01:01:36,832] INFO [Broker id=1] Creating new partition __consumer_offsets-37 with topic id J4kQ0lo8Q72VayKSWp6DCQ. (state.change.logger)
[2024-07-10 01:01:36,833] INFO [Broker id=1] Leader __consumer_offsets-37 with topic id Some(J4kQ0lo8Q72VayKSWp6DCQ) starts at leader epoch 10 from offset 3 with partition epoch 10, high watermark 3, ISR [1], adding replicas [] and removing replicas [] . Previous leader None and previous leader epoch was -1. (state.change.logger)
[2024-07-10 01:01:36,834] INFO [Broker id=1] Creating new partition __consumer_offsets-4 with topic id J4kQ0lo8Q72VayKSWp6DCQ. (state.change.logger)
[2024-07-10 01:01:36,835] INFO [Broker id=1] Leader __consumer_offsets-4 with topic id Some(J4kQ0lo8Q72VayKSWp6DCQ) starts at leader epoch 10 from offset 0 with partition epoch 10, high watermark 0, ISR [1], adding replicas [] and removing replicas [] . Previous leader None and previous leader epoch was -1. (state.change.logger)
[2024-07-10 01:01:36,837] INFO [Broker id=1] Creating new partition __transaction_state-25 with topic id NjKn4Re8TgW3dKrVfXAjUQ. (state.change.logger)
[2024-07-10 01:01:36,837] INFO [Broker id=1] Leader __transaction_state-25 with topic id Some(NjKn4Re8TgW3dKrVfXAjUQ) starts at leader epoch 10 from offset 0 with partition epoch 10, high watermark 0, ISR [1], adding replicas [] and removing replicas [] . Previous leader None and previous leader epoch was -1. (state.change.logger)
[2024-07-10 01:01:36,839] INFO [Broker id=1] Creating new partition __consumer_offsets-15 with topic id J4kQ0lo8Q72VayKSWp6DCQ. (state.change.logger)
[2024-07-10 01:01:36,839] INFO [Broker id=1] Leader __consumer_offsets-15 with topic id Some(J4kQ0lo8Q72VayKSWp6DCQ) starts at leader epoch 10 from offset 0 with partition epoch 10, high watermark 0, ISR [1], adding replicas [] and removing replicas [] . Previous leader None and previous leader epoch was -1. (state.change.logger)
[2024-07-10 01:01:36,841] INFO [Broker id=1] Creating new partition __consumer_offsets-48 with topic id J4kQ0lo8Q72VayKSWp6DCQ. (state.change.logger)
[2024-07-10 01:01:36,842] INFO [Broker id=1] Leader __consumer_offsets-48 with topic id Some(J4kQ0lo8Q72VayKSWp6DCQ) starts at leader epoch 10 from offset 0 with partition epoch 10, high watermark 0, ISR [1], adding replicas [] and removing replicas [] . Previous leader None and previous leader epoch was -1. (state.change.logger)
[2024-07-10 01:01:36,843] INFO [Broker id=1] Creating new partition __transaction_state-15 with topic id NjKn4Re8TgW3dKrVfXAjUQ. (state.change.logger)
[2024-07-10 01:01:36,844] INFO [Broker id=1] Leader __transaction_state-15 with topic id Some(NjKn4Re8TgW3dKrVfXAjUQ) starts at leader epoch 10 from offset 0 with partition epoch 10, high watermark 0, ISR [1], adding replicas [] and removing replicas [] . Previous leader None and previous leader epoch was -1. (state.change.logger)
[2024-07-10 01:01:36,845] INFO [Broker id=1] Creating new partition __transaction_state-48 with topic id NjKn4Re8TgW3dKrVfXAjUQ. (state.change.logger)
[2024-07-10 01:01:36,846] INFO [Broker id=1] Leader __transaction_state-48 with topic id Some(NjKn4Re8TgW3dKrVfXAjUQ) starts at leader epoch 10 from offset 4 with partition epoch 10, high watermark 4, ISR [1], adding replicas [] and removing replicas [] . Previous leader None and previous leader epoch was -1. (state.change.logger)
[2024-07-10 01:01:36,848] INFO [Broker id=1] Creating new partition __consumer_offsets-23 with topic id J4kQ0lo8Q72VayKSWp6DCQ. (state.change.logger)
[2024-07-10 01:01:36,848] INFO [Broker id=1] Leader __consumer_offsets-23 with topic id Some(J4kQ0lo8Q72VayKSWp6DCQ) starts at leader epoch 10 from offset 0 with partition epoch 10, high watermark 0, ISR [1], adding replicas [] and removing replicas [] . Previous leader None and previous leader epoch was -1. (state.change.logger)
[2024-07-10 01:01:36,850] INFO [Broker id=1] Creating new partition __transaction_state-7 with topic id NjKn4Re8TgW3dKrVfXAjUQ. (state.change.logger)
[2024-07-10 01:01:36,851] INFO [Broker id=1] Leader __transaction_state-7 with topic id Some(NjKn4Re8TgW3dKrVfXAjUQ) starts at leader epoch 10 from offset 0 with partition epoch 10, high watermark 0, ISR [1], adding replicas [] and removing replicas [] . Previous leader None and previous leader epoch was -1. (state.change.logger)
[2024-07-10 01:01:36,852] INFO [Broker id=1] Creating new partition __transaction_state-40 with topic id NjKn4Re8TgW3dKrVfXAjUQ. (state.change.logger)
[2024-07-10 01:01:36,853] INFO [Broker id=1] Leader __transaction_state-40 with topic id Some(NjKn4Re8TgW3dKrVfXAjUQ) starts at leader epoch 10 from offset 0 with partition epoch 10, high watermark 0, ISR [1], adding replicas [] and removing replicas [] . Previous leader None and previous leader epoch was -1. (state.change.logger)
[2024-07-10 01:01:36,854] INFO [Broker id=1] Creating new partition __consumer_offsets-32 with topic id J4kQ0lo8Q72VayKSWp6DCQ. (state.change.logger)
[2024-07-10 01:01:36,855] INFO [Broker id=1] Leader __consumer_offsets-32 with topic id Some(J4kQ0lo8Q72VayKSWp6DCQ) starts at leader epoch 10 from offset 0 with partition epoch 10, high watermark 0, ISR [1], adding replicas [] and removing replicas [] . Previous leader None and previous leader epoch was -1. (state.change.logger)
[2024-07-10 01:01:36,856] INFO [Broker id=1] Creating new partition __transaction_state-32 with topic id NjKn4Re8TgW3dKrVfXAjUQ. (state.change.logger)
[2024-07-10 01:01:36,857] INFO [Broker id=1] Leader __transaction_state-32 with topic id Some(NjKn4Re8TgW3dKrVfXAjUQ) starts at leader epoch 10 from offset 0 with partition epoch 10, high watermark 0, ISR [1], adding replicas [] and removing replicas [] . Previous leader None and previous leader epoch was -1. (state.change.logger)
[2024-07-10 01:01:36,858] INFO [Broker id=1] Creating new partition movies-0 with topic id dib64UA_QPGHToiOx16mtg. (state.change.logger)
[2024-07-10 01:01:36,859] INFO [Broker id=1] Leader movies-0 with topic id Some(dib64UA_QPGHToiOx16mtg) starts at leader epoch 10 from offset 7 with partition epoch 10, high watermark 7, ISR [1], adding replicas [] and removing replicas [] . Previous leader None and previous leader epoch was -1. (state.change.logger)
[2024-07-10 01:01:36,860] INFO [Broker id=1] Creating new partition __consumer_offsets-7 with topic id J4kQ0lo8Q72VayKSWp6DCQ. (state.change.logger)
[2024-07-10 01:01:36,860] INFO [Broker id=1] Leader __consumer_offsets-7 with topic id Some(J4kQ0lo8Q72VayKSWp6DCQ) starts at leader epoch 10 from offset 8 with partition epoch 10, high watermark 8, ISR [1], adding replicas [] and removing replicas [] . Previous leader None and previous leader epoch was -1. (state.change.logger)
[2024-07-10 01:01:36,862] INFO [Broker id=1] Creating new partition __consumer_offsets-40 with topic id J4kQ0lo8Q72VayKSWp6DCQ. (state.change.logger)
[2024-07-10 01:01:36,862] INFO [Broker id=1] Leader __consumer_offsets-40 with topic id Some(J4kQ0lo8Q72VayKSWp6DCQ) starts at leader epoch 10 from offset 0 with partition epoch 10, high watermark 0, ISR [1], adding replicas [] and removing replicas [] . Previous leader None and previous leader epoch was -1. (state.change.logger)
[2024-07-10 01:01:36,864] INFO [Broker id=1] Creating new partition __transaction_state-24 with topic id NjKn4Re8TgW3dKrVfXAjUQ. (state.change.logger)
[2024-07-10 01:01:36,864] INFO [Broker id=1] Leader __transaction_state-24 with topic id Some(NjKn4Re8TgW3dKrVfXAjUQ) starts at leader epoch 10 from offset 0 with partition epoch 10, high watermark 0, ISR [1], adding replicas [] and removing replicas [] . Previous leader None and previous leader epoch was -1. (state.change.logger)
[2024-07-10 01:01:36,866] INFO [Broker id=1] Creating new partition __consumer_offsets-47 with topic id J4kQ0lo8Q72VayKSWp6DCQ. (state.change.logger)
[2024-07-10 01:01:36,867] INFO [Broker id=1] Leader __consumer_offsets-47 with topic id Some(J4kQ0lo8Q72VayKSWp6DCQ) starts at leader epoch 10 from offset 0 with partition epoch 10, high watermark 0, ISR [1], adding replicas [] and removing replicas [] . Previous leader None and previous leader epoch was -1. (state.change.logger)
[2024-07-10 01:01:36,868] INFO [Broker id=1] Creating new partition __consumer_offsets-14 with topic id J4kQ0lo8Q72VayKSWp6DCQ. (state.change.logger)
[2024-07-10 01:01:36,869] INFO [Broker id=1] Leader __consumer_offsets-14 with topic id Some(J4kQ0lo8Q72VayKSWp6DCQ) starts at leader epoch 10 from offset 0 with partition epoch 10, high watermark 0, ISR [1], adding replicas [] and removing replicas [] . Previous leader None and previous leader epoch was -1. (state.change.logger)
[2024-07-10 01:01:36,870] INFO [Broker id=1] Creating new partition __transaction_state-14 with topic id NjKn4Re8TgW3dKrVfXAjUQ. (state.change.logger)
[2024-07-10 01:01:36,871] INFO [Broker id=1] Leader __transaction_state-14 with topic id Some(NjKn4Re8TgW3dKrVfXAjUQ) starts at leader epoch 10 from offset 0 with partition epoch 10, high watermark 0, ISR [1], adding replicas [] and removing replicas [] . Previous leader None and previous leader epoch was -1. (state.change.logger)
[2024-07-10 01:01:36,872] INFO [Broker id=1] Creating new partition __transaction_state-47 with topic id NjKn4Re8TgW3dKrVfXAjUQ. (state.change.logger)
[2024-07-10 01:01:36,873] INFO [Broker id=1] Leader __transaction_state-47 with topic id Some(NjKn4Re8TgW3dKrVfXAjUQ) starts at leader epoch 10 from offset 0 with partition epoch 10, high watermark 0, ISR [1], adding replicas [] and removing replicas [] . Previous leader None and previous leader epoch was -1. (state.change.logger)
[2024-07-10 01:01:36,874] INFO [Broker id=1] Creating new partition __consumer_offsets-22 with topic id J4kQ0lo8Q72VayKSWp6DCQ. (state.change.logger)
[2024-07-10 01:01:36,875] INFO [Broker id=1] Leader __consumer_offsets-22 with topic id Some(J4kQ0lo8Q72VayKSWp6DCQ) starts at leader epoch 10 from offset 0 with partition epoch 10, high watermark 0, ISR [1], adding replicas [] and removing replicas [] . Previous leader None and previous leader epoch was -1. (state.change.logger)
[2024-07-10 01:01:36,876] INFO [Broker id=1] Creating new partition __transaction_state-6 with topic id NjKn4Re8TgW3dKrVfXAjUQ. (state.change.logger)
[2024-07-10 01:01:36,877] INFO [Broker id=1] Leader __transaction_state-6 with topic id Some(NjKn4Re8TgW3dKrVfXAjUQ) starts at leader epoch 10 from offset 0 with partition epoch 10, high watermark 0, ISR [1], adding replicas [] and removing replicas [] . Previous leader None and previous leader epoch was -1. (state.change.logger)
[2024-07-10 01:01:36,879] INFO [Broker id=1] Creating new partition __transaction_state-39 with topic id NjKn4Re8TgW3dKrVfXAjUQ. (state.change.logger)
[2024-07-10 01:01:36,879] INFO [Broker id=1] Leader __transaction_state-39 with topic id Some(NjKn4Re8TgW3dKrVfXAjUQ) starts at leader epoch 10 from offset 0 with partition epoch 10, high watermark 0, ISR [1], adding replicas [] and removing replicas [] . Previous leader None and previous leader epoch was -1. (state.change.logger)
[2024-07-10 01:01:36,881] INFO [Broker id=1] Creating new partition __consumer_offsets-31 with topic id J4kQ0lo8Q72VayKSWp6DCQ. (state.change.logger)
[2024-07-10 01:01:36,882] INFO [Broker id=1] Leader __consumer_offsets-31 with topic id Some(J4kQ0lo8Q72VayKSWp6DCQ) starts at leader epoch 10 from offset 1 with partition epoch 10, high watermark 1, ISR [1], adding replicas [] and removing replicas [] . Previous leader None and previous leader epoch was -1. (state.change.logger)
[2024-07-10 01:01:36,882] INFO [Broker id=1] Creating new partition __transaction_state-31 with topic id NjKn4Re8TgW3dKrVfXAjUQ. (state.change.logger)
[2024-07-10 01:01:36,882] INFO [Broker id=1] Leader __transaction_state-31 with topic id Some(NjKn4Re8TgW3dKrVfXAjUQ) starts at leader epoch 10 from offset 0 with partition epoch 10, high watermark 0, ISR [1], adding replicas [] and removing replicas [] . Previous leader None and previous leader epoch was -1. (state.change.logger)
[2024-07-10 01:01:36,884] INFO [Broker id=1] Creating new partition __consumer_offsets-39 with topic id J4kQ0lo8Q72VayKSWp6DCQ. (state.change.logger)
[2024-07-10 01:01:36,884] INFO [Broker id=1] Leader __consumer_offsets-39 with topic id Some(J4kQ0lo8Q72VayKSWp6DCQ) starts at leader epoch 10 from offset 0 with partition epoch 10, high watermark 0, ISR [1], adding replicas [] and removing replicas [] . Previous leader None and previous leader epoch was -1. (state.change.logger)
[2024-07-10 01:01:36,886] INFO [Broker id=1] Creating new partition __consumer_offsets-6 with topic id J4kQ0lo8Q72VayKSWp6DCQ. (state.change.logger)
[2024-07-10 01:01:36,886] INFO [Broker id=1] Leader __consumer_offsets-6 with topic id Some(J4kQ0lo8Q72VayKSWp6DCQ) starts at leader epoch 10 from offset 0 with partition epoch 10, high watermark 0, ISR [1], adding replicas [] and removing replicas [] . Previous leader None and previous leader epoch was -1. (state.change.logger)
[2024-07-10 01:01:36,888] INFO [Broker id=1] Creating new partition __transaction_state-23 with topic id NjKn4Re8TgW3dKrVfXAjUQ. (state.change.logger)
[2024-07-10 01:01:36,888] INFO [Broker id=1] Leader __transaction_state-23 with topic id Some(NjKn4Re8TgW3dKrVfXAjUQ) starts at leader epoch 10 from offset 0 with partition epoch 10, high watermark 0, ISR [1], adding replicas [] and removing replicas [] . Previous leader None and previous leader epoch was -1. (state.change.logger)
[2024-07-10 01:01:36,889] INFO [Broker id=1] Creating new partition __transaction_state-13 with topic id NjKn4Re8TgW3dKrVfXAjUQ. (state.change.logger)
[2024-07-10 01:01:36,890] INFO [Broker id=1] Leader __transaction_state-13 with topic id Some(NjKn4Re8TgW3dKrVfXAjUQ) starts at leader epoch 10 from offset 0 with partition epoch 10, high watermark 0, ISR [1], adding replicas [] and removing replicas [] . Previous leader None and previous leader epoch was -1. (state.change.logger)
[2024-07-10 01:01:36,890] INFO [Broker id=1] Creating new partition __transaction_state-46 with topic id NjKn4Re8TgW3dKrVfXAjUQ. (state.change.logger)
[2024-07-10 01:01:36,891] INFO [Broker id=1] Leader __transaction_state-46 with topic id Some(NjKn4Re8TgW3dKrVfXAjUQ) starts at leader epoch 10 from offset 0 with partition epoch 10, high watermark 0, ISR [1], adding replicas [] and removing replicas [] . Previous leader None and previous leader epoch was -1. (state.change.logger)
[2024-07-10 01:01:36,892] INFO [Broker id=1] Creating new partition __consumer_offsets-9 with topic id J4kQ0lo8Q72VayKSWp6DCQ. (state.change.logger)
[2024-07-10 01:01:36,892] INFO [Broker id=1] Leader __consumer_offsets-9 with topic id Some(J4kQ0lo8Q72VayKSWp6DCQ) starts at leader epoch 10 from offset 0 with partition epoch 10, high watermark 0, ISR [1], adding replicas [] and removing replicas [] . Previous leader None and previous leader epoch was -1. (state.change.logger)
[2024-07-10 01:01:36,894] INFO [Broker id=1] Creating new partition __consumer_offsets-42 with topic id J4kQ0lo8Q72VayKSWp6DCQ. (state.change.logger)
[2024-07-10 01:01:36,894] INFO [Broker id=1] Leader __consumer_offsets-42 with topic id Some(J4kQ0lo8Q72VayKSWp6DCQ) starts at leader epoch 10 from offset 0 with partition epoch 10, high watermark 0, ISR [1], adding replicas [] and removing replicas [] . Previous leader None and previous leader epoch was -1. (state.change.logger)
[2024-07-10 01:01:36,895] INFO [Broker id=1] Creating new partition __transaction_state-5 with topic id NjKn4Re8TgW3dKrVfXAjUQ. (state.change.logger)
[2024-07-10 01:01:36,896] INFO [Broker id=1] Leader __transaction_state-5 with topic id Some(NjKn4Re8TgW3dKrVfXAjUQ) starts at leader epoch 10 from offset 0 with partition epoch 10, high watermark 0, ISR [1], adding replicas [] and removing replicas [] . Previous leader None and previous leader epoch was -1. (state.change.logger)
[2024-07-10 01:01:36,898] INFO [Broker id=1] Creating new partition __transaction_state-38 with topic id NjKn4Re8TgW3dKrVfXAjUQ. (state.change.logger)
[2024-07-10 01:01:36,898] INFO [Broker id=1] Leader __transaction_state-38 with topic id Some(NjKn4Re8TgW3dKrVfXAjUQ) starts at leader epoch 10 from offset 0 with partition epoch 10, high watermark 0, ISR [1], adding replicas [] and removing replicas [] . Previous leader None and previous leader epoch was -1. (state.change.logger)
[2024-07-10 01:01:36,900] INFO [Broker id=1] Creating new partition __consumer_offsets-17 with topic id J4kQ0lo8Q72VayKSWp6DCQ. (state.change.logger)
[2024-07-10 01:01:36,900] INFO [Broker id=1] Leader __consumer_offsets-17 with topic id Some(J4kQ0lo8Q72VayKSWp6DCQ) starts at leader epoch 10 from offset 0 with partition epoch 10, high watermark 0, ISR [1], adding replicas [] and removing replicas [] . Previous leader None and previous leader epoch was -1. (state.change.logger)
[2024-07-10 01:01:36,902] INFO [Broker id=1] Creating new partition __transaction_state-30 with topic id NjKn4Re8TgW3dKrVfXAjUQ. (state.change.logger)
[2024-07-10 01:01:36,902] INFO [Broker id=1] Leader __transaction_state-30 with topic id Some(NjKn4Re8TgW3dKrVfXAjUQ) starts at leader epoch 10 from offset 0 with partition epoch 10, high watermark 0, ISR [1], adding replicas [] and removing replicas [] . Previous leader None and previous leader epoch was -1. (state.change.logger)
[2024-07-10 01:01:36,903] INFO [Broker id=1] Creating new partition __consumer_offsets-26 with topic id J4kQ0lo8Q72VayKSWp6DCQ. (state.change.logger)
[2024-07-10 01:01:36,904] INFO [Broker id=1] Leader __consumer_offsets-26 with topic id Some(J4kQ0lo8Q72VayKSWp6DCQ) starts at leader epoch 10 from offset 0 with partition epoch 10, high watermark 0, ISR [1], adding replicas [] and removing replicas [] . Previous leader None and previous leader epoch was -1. (state.change.logger)
[2024-07-10 01:01:36,905] INFO [Broker id=1] Creating new partition __transaction_state-22 with topic id NjKn4Re8TgW3dKrVfXAjUQ. (state.change.logger)
[2024-07-10 01:01:36,906] INFO [Broker id=1] Leader __transaction_state-22 with topic id Some(NjKn4Re8TgW3dKrVfXAjUQ) starts at leader epoch 10 from offset 0 with partition epoch 10, high watermark 0, ISR [1], adding replicas [] and removing replicas [] . Previous leader None and previous leader epoch was -1. (state.change.logger)
[2024-07-10 01:01:36,908] INFO [Broker id=1] Creating new partition __consumer_offsets-1 with topic id J4kQ0lo8Q72VayKSWp6DCQ. (state.change.logger)
[2024-07-10 01:01:36,908] INFO [Broker id=1] Leader __consumer_offsets-1 with topic id Some(J4kQ0lo8Q72VayKSWp6DCQ) starts at leader epoch 10 from offset 0 with partition epoch 10, high watermark 0, ISR [1], adding replicas [] and removing replicas [] . Previous leader None and previous leader epoch was -1. (state.change.logger)
[2024-07-10 01:01:36,910] INFO [Broker id=1] Creating new partition __consumer_offsets-34 with topic id J4kQ0lo8Q72VayKSWp6DCQ. (state.change.logger)
[2024-07-10 01:01:36,910] INFO [Broker id=1] Leader __consumer_offsets-34 with topic id Some(J4kQ0lo8Q72VayKSWp6DCQ) starts at leader epoch 10 from offset 0 with partition epoch 10, high watermark 0, ISR [1], adding replicas [] and removing replicas [] . Previous leader None and previous leader epoch was -1. (state.change.logger)
[2024-07-10 01:01:36,912] INFO [Broker id=1] Creating new partition __consumer_offsets-16 with topic id J4kQ0lo8Q72VayKSWp6DCQ. (state.change.logger)
[2024-07-10 01:01:36,912] INFO [Broker id=1] Leader __consumer_offsets-16 with topic id Some(J4kQ0lo8Q72VayKSWp6DCQ) starts at leader epoch 10 from offset 0 with partition epoch 10, high watermark 0, ISR [1], adding replicas [] and removing replicas [] . Previous leader None and previous leader epoch was -1. (state.change.logger)
[2024-07-10 01:01:36,914] INFO [Broker id=1] Creating new partition __transaction_state-12 with topic id NjKn4Re8TgW3dKrVfXAjUQ. (state.change.logger)
[2024-07-10 01:01:36,915] INFO [Broker id=1] Leader __transaction_state-12 with topic id Some(NjKn4Re8TgW3dKrVfXAjUQ) starts at leader epoch 10 from offset 0 with partition epoch 10, high watermark 0, ISR [1], adding replicas [] and removing replicas [] . Previous leader None and previous leader epoch was -1. (state.change.logger)
[2024-07-10 01:01:36,916] INFO [Broker id=1] Creating new partition __transaction_state-45 with topic id NjKn4Re8TgW3dKrVfXAjUQ. (state.change.logger)
[2024-07-10 01:01:36,916] INFO [Broker id=1] Leader __transaction_state-45 with topic id Some(NjKn4Re8TgW3dKrVfXAjUQ) starts at leader epoch 10 from offset 0 with partition epoch 10, high watermark 0, ISR [1], adding replicas [] and removing replicas [] . Previous leader None and previous leader epoch was -1. (state.change.logger)
[2024-07-10 01:01:36,918] INFO [Broker id=1] Creating new partition __consumer_offsets-41 with topic id J4kQ0lo8Q72VayKSWp6DCQ. (state.change.logger)
[2024-07-10 01:01:36,918] INFO [Broker id=1] Leader __consumer_offsets-41 with topic id Some(J4kQ0lo8Q72VayKSWp6DCQ) starts at leader epoch 10 from offset 3 with partition epoch 10, high watermark 3, ISR [1], adding replicas [] and removing replicas [] . Previous leader None and previous leader epoch was -1. (state.change.logger)
[2024-07-10 01:01:36,919] INFO [Broker id=1] Creating new partition __consumer_offsets-24 with topic id J4kQ0lo8Q72VayKSWp6DCQ. (state.change.logger)
[2024-07-10 01:01:36,920] INFO [Broker id=1] Leader __consumer_offsets-24 with topic id Some(J4kQ0lo8Q72VayKSWp6DCQ) starts at leader epoch 10 from offset 0 with partition epoch 10, high watermark 0, ISR [1], adding replicas [] and removing replicas [] . Previous leader None and previous leader epoch was -1. (state.change.logger)
[2024-07-10 01:01:36,921] INFO [Broker id=1] Creating new partition __transaction_state-4 with topic id NjKn4Re8TgW3dKrVfXAjUQ. (state.change.logger)
[2024-07-10 01:01:36,921] INFO [Broker id=1] Leader __transaction_state-4 with topic id Some(NjKn4Re8TgW3dKrVfXAjUQ) starts at leader epoch 10 from offset 0 with partition epoch 10, high watermark 0, ISR [1], adding replicas [] and removing replicas [] . Previous leader None and previous leader epoch was -1. (state.change.logger)
[2024-07-10 01:01:36,923] INFO [Broker id=1] Creating new partition __transaction_state-37 with topic id NjKn4Re8TgW3dKrVfXAjUQ. (state.change.logger)
[2024-07-10 01:01:36,923] INFO [Broker id=1] Leader __transaction_state-37 with topic id Some(NjKn4Re8TgW3dKrVfXAjUQ) starts at leader epoch 10 from offset 0 with partition epoch 10, high watermark 0, ISR [1], adding replicas [] and removing replicas [] . Previous leader None and previous leader epoch was -1. (state.change.logger)
[2024-07-10 01:01:36,925] INFO [Broker id=1] Creating new partition __consumer_offsets-49 with topic id J4kQ0lo8Q72VayKSWp6DCQ. (state.change.logger)
[2024-07-10 01:01:36,925] INFO [Broker id=1] Leader __consumer_offsets-49 with topic id Some(J4kQ0lo8Q72VayKSWp6DCQ) starts at leader epoch 10 from offset 0 with partition epoch 10, high watermark 0, ISR [1], adding replicas [] and removing replicas [] . Previous leader None and previous leader epoch was -1. (state.change.logger)
[2024-07-10 01:01:36,926] INFO [Broker id=1] Creating new partition __consumer_offsets-0 with topic id J4kQ0lo8Q72VayKSWp6DCQ. (state.change.logger)
[2024-07-10 01:01:36,927] INFO [Broker id=1] Leader __consumer_offsets-0 with topic id Some(J4kQ0lo8Q72VayKSWp6DCQ) starts at leader epoch 10 from offset 0 with partition epoch 10, high watermark 0, ISR [1], adding replicas [] and removing replicas [] . Previous leader None and previous leader epoch was -1. (state.change.logger)
[2024-07-10 01:01:36,928] INFO [Broker id=1] Creating new partition __transaction_state-29 with topic id NjKn4Re8TgW3dKrVfXAjUQ. (state.change.logger)
[2024-07-10 01:01:36,928] INFO [Broker id=1] Leader __transaction_state-29 with topic id Some(NjKn4Re8TgW3dKrVfXAjUQ) starts at leader epoch 10 from offset 0 with partition epoch 10, high watermark 0, ISR [1], adding replicas [] and removing replicas [] . Previous leader None and previous leader epoch was -1. (state.change.logger)
[2024-07-10 01:01:36,929] INFO [Broker id=1] Creating new partition __consumer_offsets-25 with topic id J4kQ0lo8Q72VayKSWp6DCQ. (state.change.logger)
[2024-07-10 01:01:36,930] INFO [Broker id=1] Leader __consumer_offsets-25 with topic id Some(J4kQ0lo8Q72VayKSWp6DCQ) starts at leader epoch 10 from offset 0 with partition epoch 10, high watermark 0, ISR [1], adding replicas [] and removing replicas [] . Previous leader None and previous leader epoch was -1. (state.change.logger)
[2024-07-10 01:01:36,931] INFO [Broker id=1] Creating new partition __consumer_offsets-8 with topic id J4kQ0lo8Q72VayKSWp6DCQ. (state.change.logger)
[2024-07-10 01:01:36,932] INFO [Broker id=1] Leader __consumer_offsets-8 with topic id Some(J4kQ0lo8Q72VayKSWp6DCQ) starts at leader epoch 10 from offset 0 with partition epoch 10, high watermark 0, ISR [1], adding replicas [] and removing replicas [] . Previous leader None and previous leader epoch was -1. (state.change.logger)
[2024-07-10 01:01:36,933] INFO [Broker id=1] Creating new partition __transaction_state-21 with topic id NjKn4Re8TgW3dKrVfXAjUQ. (state.change.logger)
[2024-07-10 01:01:36,934] INFO [Broker id=1] Leader __transaction_state-21 with topic id Some(NjKn4Re8TgW3dKrVfXAjUQ) starts at leader epoch 10 from offset 0 with partition epoch 10, high watermark 0, ISR [1], adding replicas [] and removing replicas [] . Previous leader None and previous leader epoch was -1. (state.change.logger)
[2024-07-10 01:01:36,935] INFO [Broker id=1] Creating new partition __consumer_offsets-33 with topic id J4kQ0lo8Q72VayKSWp6DCQ. (state.change.logger)
[2024-07-10 01:01:36,935] INFO [Broker id=1] Leader __consumer_offsets-33 with topic id Some(J4kQ0lo8Q72VayKSWp6DCQ) starts at leader epoch 10 from offset 3 with partition epoch 10, high watermark 3, ISR [1], adding replicas [] and removing replicas [] . Previous leader None and previous leader epoch was -1. (state.change.logger)
[2024-07-10 01:01:36,937] INFO [Broker id=1] Creating new partition __transaction_state-11 with topic id NjKn4Re8TgW3dKrVfXAjUQ. (state.change.logger)
[2024-07-10 01:01:36,937] INFO [Broker id=1] Leader __transaction_state-11 with topic id Some(NjKn4Re8TgW3dKrVfXAjUQ) starts at leader epoch 10 from offset 0 with partition epoch 10, high watermark 0, ISR [1], adding replicas [] and removing replicas [] . Previous leader None and previous leader epoch was -1. (state.change.logger)
[2024-07-10 01:01:36,939] INFO [Broker id=1] Creating new partition __transaction_state-44 with topic id NjKn4Re8TgW3dKrVfXAjUQ. (state.change.logger)
[2024-07-10 01:01:36,940] INFO [Broker id=1] Leader __transaction_state-44 with topic id Some(NjKn4Re8TgW3dKrVfXAjUQ) starts at leader epoch 10 from offset 0 with partition epoch 10, high watermark 0, ISR [1], adding replicas [] and removing replicas [] . Previous leader None and previous leader epoch was -1. (state.change.logger)
[2024-07-10 01:01:36,941] INFO [Broker id=1] Creating new partition __consumer_offsets-11 with topic id J4kQ0lo8Q72VayKSWp6DCQ. (state.change.logger)
[2024-07-10 01:01:36,942] INFO [Broker id=1] Leader __consumer_offsets-11 with topic id Some(J4kQ0lo8Q72VayKSWp6DCQ) starts at leader epoch 10 from offset 3 with partition epoch 10, high watermark 3, ISR [1], adding replicas [] and removing replicas [] . Previous leader None and previous leader epoch was -1. (state.change.logger)
[2024-07-10 01:01:36,943] INFO [Broker id=1] Creating new partition __consumer_offsets-44 with topic id J4kQ0lo8Q72VayKSWp6DCQ. (state.change.logger)
[2024-07-10 01:01:36,943] INFO [Broker id=1] Leader __consumer_offsets-44 with topic id Some(J4kQ0lo8Q72VayKSWp6DCQ) starts at leader epoch 10 from offset 0 with partition epoch 10, high watermark 0, ISR [1], adding replicas [] and removing replicas [] . Previous leader None and previous leader epoch was -1. (state.change.logger)
[2024-07-10 01:01:36,945] INFO [Broker id=1] Creating new partition __transaction_state-3 with topic id NjKn4Re8TgW3dKrVfXAjUQ. (state.change.logger)
[2024-07-10 01:01:36,945] INFO [Broker id=1] Leader __transaction_state-3 with topic id Some(NjKn4Re8TgW3dKrVfXAjUQ) starts at leader epoch 10 from offset 0 with partition epoch 10, high watermark 0, ISR [1], adding replicas [] and removing replicas [] . Previous leader None and previous leader epoch was -1. (state.change.logger)
[2024-07-10 01:01:36,947] INFO [Broker id=1] Creating new partition __transaction_state-36 with topic id NjKn4Re8TgW3dKrVfXAjUQ. (state.change.logger)
[2024-07-10 01:01:36,947] INFO [Broker id=1] Leader __transaction_state-36 with topic id Some(NjKn4Re8TgW3dKrVfXAjUQ) starts at leader epoch 10 from offset 0 with partition epoch 10, high watermark 0, ISR [1], adding replicas [] and removing replicas [] . Previous leader None and previous leader epoch was -1. (state.change.logger)
[2024-07-10 01:01:36,949] INFO [Broker id=1] Creating new partition __consumer_offsets-19 with topic id J4kQ0lo8Q72VayKSWp6DCQ. (state.change.logger)
[2024-07-10 01:01:36,949] INFO [Broker id=1] Leader __consumer_offsets-19 with topic id Some(J4kQ0lo8Q72VayKSWp6DCQ) starts at leader epoch 10 from offset 0 with partition epoch 10, high watermark 0, ISR [1], adding replicas [] and removing replicas [] . Previous leader None and previous leader epoch was -1. (state.change.logger)
[2024-07-10 01:01:36,951] INFO [Broker id=1] Creating new partition __transaction_state-28 with topic id NjKn4Re8TgW3dKrVfXAjUQ. (state.change.logger)
[2024-07-10 01:01:36,952] INFO [Broker id=1] Leader __transaction_state-28 with topic id Some(NjKn4Re8TgW3dKrVfXAjUQ) starts at leader epoch 10 from offset 0 with partition epoch 10, high watermark 0, ISR [1], adding replicas [] and removing replicas [] . Previous leader None and previous leader epoch was -1. (state.change.logger)
[2024-07-10 01:01:36,953] INFO [Broker id=1] Creating new partition __consumer_offsets-28 with topic id J4kQ0lo8Q72VayKSWp6DCQ. (state.change.logger)
[2024-07-10 01:01:36,953] INFO [Broker id=1] Leader __consumer_offsets-28 with topic id Some(J4kQ0lo8Q72VayKSWp6DCQ) starts at leader epoch 10 from offset 3 with partition epoch 10, high watermark 3, ISR [1], adding replicas [] and removing replicas [] . Previous leader None and previous leader epoch was -1. (state.change.logger)
[2024-07-10 01:01:36,955] INFO [Broker id=1] Creating new partition __transaction_state-20 with topic id NjKn4Re8TgW3dKrVfXAjUQ. (state.change.logger)
[2024-07-10 01:01:36,955] INFO [Broker id=1] Leader __transaction_state-20 with topic id Some(NjKn4Re8TgW3dKrVfXAjUQ) starts at leader epoch 10 from offset 0 with partition epoch 10, high watermark 0, ISR [1], adding replicas [] and removing replicas [] . Previous leader None and previous leader epoch was -1. (state.change.logger)
[2024-07-10 01:01:36,956] INFO [Broker id=1] Creating new partition __consumer_offsets-3 with topic id J4kQ0lo8Q72VayKSWp6DCQ. (state.change.logger)
[2024-07-10 01:01:36,957] INFO [Broker id=1] Leader __consumer_offsets-3 with topic id Some(J4kQ0lo8Q72VayKSWp6DCQ) starts at leader epoch 10 from offset 0 with partition epoch 10, high watermark 0, ISR [1], adding replicas [] and removing replicas [] . Previous leader None and previous leader epoch was -1. (state.change.logger)
[2024-07-10 01:01:36,958] INFO [Broker id=1] Creating new partition __consumer_offsets-36 with topic id J4kQ0lo8Q72VayKSWp6DCQ. (state.change.logger)
[2024-07-10 01:01:36,958] INFO [Broker id=1] Leader __consumer_offsets-36 with topic id Some(J4kQ0lo8Q72VayKSWp6DCQ) starts at leader epoch 10 from offset 0 with partition epoch 10, high watermark 0, ISR [1], adding replicas [] and removing replicas [] . Previous leader None and previous leader epoch was -1. (state.change.logger)
[2024-07-10 01:01:36,960] INFO [Broker id=1] Creating new partition __transaction_state-10 with topic id NjKn4Re8TgW3dKrVfXAjUQ. (state.change.logger)
[2024-07-10 01:01:36,960] INFO [Broker id=1] Leader __transaction_state-10 with topic id Some(NjKn4Re8TgW3dKrVfXAjUQ) starts at leader epoch 10 from offset 0 with partition epoch 10, high watermark 0, ISR [1], adding replicas [] and removing replicas [] . Previous leader None and previous leader epoch was -1. (state.change.logger)
[2024-07-10 01:01:36,961] INFO [Broker id=1] Creating new partition __transaction_state-43 with topic id NjKn4Re8TgW3dKrVfXAjUQ. (state.change.logger)
[2024-07-10 01:01:36,962] INFO [Broker id=1] Leader __transaction_state-43 with topic id Some(NjKn4Re8TgW3dKrVfXAjUQ) starts at leader epoch 10 from offset 0 with partition epoch 10, high watermark 0, ISR [1], adding replicas [] and removing replicas [] . Previous leader None and previous leader epoch was -1. (state.change.logger)
[2024-07-10 01:01:36,963] INFO [Broker id=1] Creating new partition __consumer_offsets-43 with topic id J4kQ0lo8Q72VayKSWp6DCQ. (state.change.logger)
[2024-07-10 01:01:36,963] INFO [Broker id=1] Leader __consumer_offsets-43 with topic id Some(J4kQ0lo8Q72VayKSWp6DCQ) starts at leader epoch 10 from offset 0 with partition epoch 10, high watermark 0, ISR [1], adding replicas [] and removing replicas [] . Previous leader None and previous leader epoch was -1. (state.change.logger)
[2024-07-10 01:01:36,965] INFO [Broker id=1] Creating new partition __consumer_offsets-10 with topic id J4kQ0lo8Q72VayKSWp6DCQ. (state.change.logger)
[2024-07-10 01:01:36,965] INFO [Broker id=1] Leader __consumer_offsets-10 with topic id Some(J4kQ0lo8Q72VayKSWp6DCQ) starts at leader epoch 10 from offset 0 with partition epoch 10, high watermark 0, ISR [1], adding replicas [] and removing replicas [] . Previous leader None and previous leader epoch was -1. (state.change.logger)
[2024-07-10 01:01:36,966] INFO [Broker id=1] Creating new partition __transaction_state-2 with topic id NjKn4Re8TgW3dKrVfXAjUQ. (state.change.logger)
[2024-07-10 01:01:36,967] INFO [Broker id=1] Leader __transaction_state-2 with topic id Some(NjKn4Re8TgW3dKrVfXAjUQ) starts at leader epoch 10 from offset 4 with partition epoch 10, high watermark 4, ISR [1], adding replicas [] and removing replicas [] . Previous leader None and previous leader epoch was -1. (state.change.logger)
[2024-07-10 01:01:36,968] INFO [Broker id=1] Creating new partition __transaction_state-35 with topic id NjKn4Re8TgW3dKrVfXAjUQ. (state.change.logger)
[2024-07-10 01:01:36,968] INFO [Broker id=1] Leader __transaction_state-35 with topic id Some(NjKn4Re8TgW3dKrVfXAjUQ) starts at leader epoch 10 from offset 0 with partition epoch 10, high watermark 0, ISR [1], adding replicas [] and removing replicas [] . Previous leader None and previous leader epoch was -1. (state.change.logger)
[2024-07-10 01:01:36,970] INFO [Broker id=1] Creating new partition __consumer_offsets-18 with topic id J4kQ0lo8Q72VayKSWp6DCQ. (state.change.logger)
[2024-07-10 01:01:36,970] INFO [Broker id=1] Leader __consumer_offsets-18 with topic id Some(J4kQ0lo8Q72VayKSWp6DCQ) starts at leader epoch 10 from offset 0 with partition epoch 10, high watermark 0, ISR [1], adding replicas [] and removing replicas [] . Previous leader None and previous leader epoch was -1. (state.change.logger)
[2024-07-10 01:01:36,971] INFO [Broker id=1] Creating new partition __transaction_state-27 with topic id NjKn4Re8TgW3dKrVfXAjUQ. (state.change.logger)
[2024-07-10 01:01:36,972] INFO [Broker id=1] Leader __transaction_state-27 with topic id Some(NjKn4Re8TgW3dKrVfXAjUQ) starts at leader epoch 10 from offset 0 with partition epoch 10, high watermark 0, ISR [1], adding replicas [] and removing replicas [] . Previous leader None and previous leader epoch was -1. (state.change.logger)
[2024-07-10 01:01:36,973] INFO [Broker id=1] Creating new partition __consumer_offsets-27 with topic id J4kQ0lo8Q72VayKSWp6DCQ. (state.change.logger)
[2024-07-10 01:01:36,973] INFO [Broker id=1] Leader __consumer_offsets-27 with topic id Some(J4kQ0lo8Q72VayKSWp6DCQ) starts at leader epoch 10 from offset 0 with partition epoch 10, high watermark 0, ISR [1], adding replicas [] and removing replicas [] . Previous leader None and previous leader epoch was -1. (state.change.logger)
[2024-07-10 01:01:36,975] INFO [Broker id=1] Creating new partition __transaction_state-19 with topic id NjKn4Re8TgW3dKrVfXAjUQ. (state.change.logger)
[2024-07-10 01:01:36,975] INFO [Broker id=1] Leader __transaction_state-19 with topic id Some(NjKn4Re8TgW3dKrVfXAjUQ) starts at leader epoch 10 from offset 0 with partition epoch 10, high watermark 0, ISR [1], adding replicas [] and removing replicas [] . Previous leader None and previous leader epoch was -1. (state.change.logger)
[2024-07-10 01:01:36,976] INFO [Broker id=1] Creating new partition __consumer_offsets-35 with topic id J4kQ0lo8Q72VayKSWp6DCQ. (state.change.logger)
[2024-07-10 01:01:36,977] INFO [Broker id=1] Leader __consumer_offsets-35 with topic id Some(J4kQ0lo8Q72VayKSWp6DCQ) starts at leader epoch 10 from offset 0 with partition epoch 10, high watermark 0, ISR [1], adding replicas [] and removing replicas [] . Previous leader None and previous leader epoch was -1. (state.change.logger)
[2024-07-10 01:01:36,978] INFO [Broker id=1] Creating new partition __consumer_offsets-2 with topic id J4kQ0lo8Q72VayKSWp6DCQ. (state.change.logger)
[2024-07-10 01:01:36,978] INFO [Broker id=1] Leader __consumer_offsets-2 with topic id Some(J4kQ0lo8Q72VayKSWp6DCQ) starts at leader epoch 10 from offset 0 with partition epoch 10, high watermark 0, ISR [1], adding replicas [] and removing replicas [] . Previous leader None and previous leader epoch was -1. (state.change.logger)
